[
  "LICENSE",
  "README.md",
  "android/build.gradle",
  "android/gradle.properties",
  "android/src/main/AndroidManifest.xml",
  "android/src/main/AndroidManifestNew.xml",
  "android/src/main/java/com/shopifycheckoutkit/CustomCheckoutEventProcessor.java",
  "android/src/main/java/com/shopifycheckoutkit/ShopifyCheckoutModule.java",
  "android/src/main/java/com/shopifycheckoutkit/ShopifyCheckoutPackage.java",
  "ios/ShopifyCheckout-Bridging-Header.h",
  "ios/ShopifyCheckout.mm",
  "ios/ShopifyCheckout.swift",
  "lib/commonjs/index.d.js",
  "lib/commonjs/index.d.js.map",
  "lib/commonjs/index.js",
  "lib/commonjs/index.js.map",
  "lib/module/index.d.js",
  "lib/module/index.d.js.map",
  "lib/module/index.js",
  "lib/module/index.js.map",
  "lib/typescript/src/index.d.ts",
  "lib/typescript/src/index.d.ts.map",
  "package.json",
  "react-native-shopify-checkout-kit.podspec",
  "src/index.d.ts",
  "src/index.tsx"
]
